[aptivepestexterminator.com/home-page-msf/index.html]
[backblue.gif]
[fade.gif]
[index.html]
[aptivepestexterminator.com/wp-includes/css/dist/block-library/style.min2513.css]
[aptivepestexterminator.com/wp-content/themes/aptive/style.min2513.css]
[aptivepestexterminator.com/wp-includes/js/jquery/jquery4a5f.js]
[aptivepestexterminator.com/wp-includes/js/jquery/jquery-migrate.min330a.js]
[aptivepestexterminator.com/wp-content/themes/aptive/images/header-bg_desktop.png]
[aptivepestexterminator.com/wp-content/themes/aptive/images/pagination-1.png]
[aptivepestexterminator.com/wp-content/themes/aptive/images/pagination-2.png]
[aptivepestexterminator.com/wp-content/themes/aptive/images/pagination-3.png]
[aptivepestexterminator.com/wp-content/themes/aptive/images/header-bg_mobile-top.png]
[aptivepestexterminator.com/wp-content/themes/aptive/images/header-bg_mobile-bottom.png]
[aptivepestexterminator.com/wp-content/themes/aptive/images/aptive-logo.png]
[aptivepestexterminator.com/wp-content/themes/aptive/images/phone-orange.png]
[aptivepestexterminator.com/wp-content/themes/aptive/images/phone-white.png]
[aptivepestexterminator.com/wp-content/themes/aptive/images/mobile-anchor.png]
[aptivepestexterminator.com/wp-content/themes/aptive/images/offers_environment.png]
[aptivepestexterminator.com/wp-content/themes/aptive/images/offers_customized-plans.png]
[aptivepestexterminator.com/wp-content/themes/aptive/images/offers_epa.png]
[aptivepestexterminator.com/wp-content/themes/aptive/images/offers_pest-free.png]
[aptivepestexterminator.com/wp-content/themes/aptive/images/offers_year-round.png]
[aptivepestexterminator.com/wp-content/themes/aptive/images/offers_certified.png]
[aptivepestexterminator.com/wp-content/themes/aptive/images/protect-against_ants.png]
[aptivepestexterminator.com/wp-content/themes/aptive/images/protect-against_roaches.png]
[aptivepestexterminator.com/wp-content/themes/aptive/images/protect-against_spiders.png]
[aptivepestexterminator.com/wp-content/themes/aptive/images/protect-against_wasps.png]
[aptivepestexterminator.com/wp-content/themes/aptive/images/protect-against_panty-pests.png]
[aptivepestexterminator.com/wp-content/themes/aptive/images/protect-against_mice.png]
[cdnjs.cloudflare.com/ajax/libs/jquery.maskedinput/1.4.1/jquery.maskedinput.min.js]
[aptivepestexterminator.com/wp-content/themes/aptive/js/form-scripts.js]
[aptivepestexterminator.com/wp-content/plugins/wpforms/assets/css/wpforms-full9074.css]
[aptivepestexterminator.com/wp-content/themes/aptive/js/dist/scripts.min8a54.js]
[aptivepestexterminator.com/wp-content/themes/aptive/js/jquery.easing.1.368b3.js]
[aptivepestexterminator.com/wp-content/themes/aptive/js/jquery.bxslider.min68b3.js]
[aptivepestexterminator.com/wp-includes/js/wp-embed.min2513.js]
[aptivepestexterminator.com/wp-content/plugins/wpforms/assets/js/jquery.validate.min24fc.js]
[aptivepestexterminator.com/wp-content/plugins/wpforms/assets/js/wpforms9074.js]
[aptivepestexterminator.com/home-page-msf/index.html]
[www.googletagmanager.com/gtm5445.html]
[aptivepestexterminator.com/wp-includes/css/dist/block-library/style.min2513.css]
[aptivepestexterminator.com/wp-content/themes/aptive/images/arrow-gray.png]
[aptivepestexterminator.com/wp-content/themes/aptive/images/arrow-white.png]
[aptivepestexterminator.com/wp-content/themes/aptive/style.min2513.css]
[aptivepestexterminator.com/wp-includes/js/jquery/jquery4a5f.js]
[aptivepestexterminator.com/wp-includes/js/jquery/jquery-migrate.min330a.js]
[aptivepestexterminator.com/wp-content/themes/aptive/js/form-scripts.js]
[aptivepestexterminator.com/wp-content/plugins/wpforms/assets/css/wpforms-full9074.css]
[aptivepestexterminator.com/wp-content/themes/aptive/js/dist/scripts.min8a54.js]
[aptivepestexterminator.com/wp-content/themes/aptive/js/jquery.easing.1.368b3.js]
[aptivepestexterminator.com/wp-content/themes/aptive/js/jquery.bxslider.min68b3.js]
[aptivepestexterminator.com/wp-includes/js/wp-embed.min2513.js]
[aptivepestexterminator.com/wp-content/plugins/wpforms/assets/js/jquery.validate.min24fc.js]
[aptivepestexterminator.com/wp-content/plugins/wpforms/assets/js/wpforms9074.js]
[aptivepestexterminator.com/wp-content/themes/aptive/images/quote-icon.html]
